******************************************************************************
             TMS320C2000 Linker PC v6.2.5                      
******************************************************************************
>> Linked Thu Jul 21 15:08:07 2016

OUTPUT FILE NAME:   <IMFOC.out>
ENTRY POINT SYMBOL: "_c_int00"  address: 00009367


MEMORY CONFIGURATION

         name            origin    length      used     unused   attr    fill
----------------------  --------  ---------  --------  --------  ----  --------
PAGE 0:
  BEGIN                 00000000   00000002  00000002  00000000  RWIX
  BOOT_RSVD             00000002   0000004e  00000000  0000004e  RWIX
  RAMM0                 00000050   000003b0  00000000  000003b0  RWIX
  RAML                  00008000   00004000  00001616  000029ea  RWIX
  ZONE7A                00200000   0000fc00  00000000  0000fc00  RWIX
  CSM_RSVD              0033ff80   00000076  00000000  00000076  RWIX
  CSM_PWL               0033fff8   00000008  00000000  00000008  RWIX
  ADC_CAL               00380080   00000009  00000007  00000002  RWIX
  IQTABLES              003fe000   00000b50  00000000  00000b50  RWIX
  IQTABLES2             003feb50   0000008c  00000000  0000008c  RWIX
  FPUTABLES             003febdc   000006a0  00000000  000006a0  RWIX
  BOOTROM               003ff27c   00000d44  00000000  00000d44  RWIX
  RESET                 003fffc0   00000002  00000000  00000002  RWIX

PAGE 1:
  RAMM                  00000400   00000400  00000300  00000100  RWIX
  DEV_EMU               00000880   00000180  000000d0  000000b0  RWIX
  FLASH_REGS            00000a80   00000060  00000008  00000058  RWIX
  CSM                   00000ae0   00000010  00000010  00000000  RWIX
  ADC_MIRROR            00000b00   00000010  00000010  00000000  RWIX
  XINTF                 00000b20   00000020  0000001e  00000002  RWIX
  CPU_TIMER0            00000c00   00000008  00000008  00000000  RWIX
  CPU_TIMER1            00000c08   00000008  00000008  00000000  RWIX
  CPU_TIMER2            00000c10   00000008  00000008  00000000  RWIX
  PIE_CTRL              00000ce0   00000020  0000001a  00000006  RWIX
  PIE_VECT              00000d00   00000100  00000100  00000000  RWIX
  DMA                   00001000   00000200  000000e0  00000120  RWIX
  MCBSPA                00005000   00000040  00000025  0000001b  RWIX
  MCBSPB                00005040   00000040  00000025  0000001b  RWIX
  ECANA                 00006000   00000040  00000034  0000000c  RWIX
  ECANA_LAM             00006040   00000040  00000040  00000000  RWIX
  ECANA_MOTS            00006080   00000040  00000040  00000000  RWIX
  ECANA_MOTO            000060c0   00000040  00000040  00000000  RWIX
  ECANA_MBOX            00006100   00000100  00000100  00000000  RWIX
  ECANB                 00006200   00000040  00000034  0000000c  RWIX
  ECANB_LAM             00006240   00000040  00000040  00000000  RWIX
  ECANB_MOTS            00006280   00000040  00000040  00000000  RWIX
  ECANB_MOTO            000062c0   00000040  00000040  00000000  RWIX
  ECANB_MBOX            00006300   00000100  00000100  00000000  RWIX
  EPWM1                 00006800   00000022  00000022  00000000  RWIX
  EPWM2                 00006840   00000022  00000022  00000000  RWIX
  EPWM3                 00006880   00000022  00000022  00000000  RWIX
  EPWM4                 000068c0   00000022  00000022  00000000  RWIX
  EPWM5                 00006900   00000022  00000022  00000000  RWIX
  EPWM6                 00006940   00000022  00000022  00000000  RWIX
  ECAP1                 00006a00   00000020  00000020  00000000  RWIX
  ECAP2                 00006a20   00000020  00000020  00000000  RWIX
  ECAP3                 00006a40   00000020  00000020  00000000  RWIX
  ECAP4                 00006a60   00000020  00000020  00000000  RWIX
  ECAP5                 00006a80   00000020  00000020  00000000  RWIX
  ECAP6                 00006aa0   00000020  00000020  00000000  RWIX
  EQEP1                 00006b00   00000040  00000040  00000000  RWIX
  EQEP2                 00006b40   00000040  00000040  00000000  RWIX
  GPIOCTRL              00006f80   00000040  0000002e  00000012  RWIX
  GPIODAT               00006fc0   00000020  00000020  00000000  RWIX
  GPIOINT               00006fe0   00000020  0000000a  00000016  RWIX
  SYSTEM                00007010   00000020  00000020  00000000  RWIX
  SPIA                  00007040   00000010  00000010  00000000  RWIX
  SCIA                  00007050   00000010  00000010  00000000  RWIX
  XINTRUPT              00007070   00000010  00000010  00000000  RWIX
  ADC                   00007100   00000020  0000001e  00000002  RWIX
  SCIB                  00007750   00000010  00000010  00000000  RWIX
  SCIC                  00007770   00000010  00000010  00000000  RWIX
  I2CA                  00007900   00000040  00000022  0000001e  RWIX
  RAMH                  0000c000   00004000  00000198  00003e68  RWIX
  ZONE7B                0020fc00   00000400  00000000  00000400  RWIX
  CSM_PWL               0033fff8   00000008  00000008  00000000  RWIX


SECTION ALLOCATION MAP

 output                                  attributes/
section   page    origin      length       input sections
--------  ----  ----------  ----------   ----------------
codestart 
*          0    00000000    00000002     
                  00000000    00000002     DSP2833x_CodeStartBranch.obj (codestart)

.pinit     0    00008000    00000000     UNINITIALIZED

.text      0    00008000    0000155c     
                  00008000    000009e7     imcontrol.obj (.text)
                  000089e7    00000323     DSP2833x_DefaultIsr.obj (.text:retain)
                  00008d0a    0000017f     main.obj (.text:retain)
                  00008e89    000000f7     DSP2833x_SysCtrl.obj (.text)
                  00008f80    000000bc     ysPORT.obj (.text)
                  0000903c    00000088     rts2800_fpu32.lib : fs_div.obj (.text)
                  000090c4    0000006f                       : atan.obj (.text)
                  00009133    00000069     ysDAC.obj (.text)
                  0000919c    00000068     rts2800_fpu32.lib : exp.obj (.text)
                  00009204    00000061                       : cos.obj (.text)
                  00009265    0000005a                       : pow.obj (.text)
                  000092bf    00000058                       : sin.obj (.text)
                  00009317    00000050                       : _log.obj (.text)
                  00009367    00000046                       : boot.obj (.text)
                  000093ad    00000031                       : ldexp.obj (.text)
                  000093de    0000002f     main.obj (.text)
                  0000940d    0000002e     rts2800_fpu32.lib : fmod.obj (.text)
                  0000943b    00000028     DSP2833x_PieCtrl.obj (.text)
                  00009463    00000001     --HOLE-- [fill = 0]
                  00009464    00000023     rts2800_fpu32.lib : sqrt.obj (.text)
                  00009487    00000022                       : i_div.obj (.text)
                  000094a9    00000020     DSP2833x_PieVect.obj (.text)
                  000094c9    00000020     ysEQEP.obj (.text)
                  000094e9    0000001a     rts2800_fpu32.lib : modf.obj (.text)
                  00009503    00000019                       : args_main.obj (.text)
                  0000951c    00000019                       : exit.obj (.text)
                  00009535    00000016                       : frexp.obj (.text)
                  0000954b    00000009                       : _lock.obj (.text)
                  00009554    00000008     DSP2833x_CodeStartBranch.obj (.text)

.cinit     0    0000955c    000000b6     
                  0000955c    0000007d     imcontrol.obj (.cinit)
                  000095d9    0000001b     main.obj (.cinit)
                  000095f4    0000000a     rts2800_fpu32.lib : _lock.obj (.cinit)
                  000095fe    0000000a                       : exit.obj (.cinit)
                  00009608    00000004                       : errno.obj (.cinit)
                  0000960c    00000004     ysADC.obj (.cinit)
                  00009610    00000002     --HOLE-- [fill = 0]

ramfuncs   0    00009612    00000004     
                  00009612    00000004     DSP2833x_usDelay.obj (ramfuncs)

csm_rsvd   0    0033ff80    00000000     DSECT

csmpasswds 
*          0    0033fff8    00000000     DSECT

.adc_cal   0    00380080    00000007     NOLOAD SECTION
                  00380080    00000007     DSP2833x_ADC_cal.obj (.adc_cal)

.reset     0    003fffc0    00000002     DSECT
                  003fffc0    00000002     rts2800_fpu32.lib : boot.obj (.reset)

.stack     1    00000400    00000300     UNINITIALIZED
                  00000400    00000300     --HOLE--

DevEmuRegsFile 
*          1    00000880    000000d0     UNINITIALIZED
                  00000880    000000d0     DSP2833x_GlobalVariableDefs.obj (DevEmuRegsFile)

FlashRegsFile 
*          1    00000a80    00000008     UNINITIALIZED
                  00000a80    00000008     DSP2833x_GlobalVariableDefs.obj (FlashRegsFile)

CsmRegsFile 
*          1    00000ae0    00000010     UNINITIALIZED
                  00000ae0    00000010     DSP2833x_GlobalVariableDefs.obj (CsmRegsFile)

AdcMirrorFile 
*          1    00000b00    00000010     UNINITIALIZED
                  00000b00    00000010     DSP2833x_GlobalVariableDefs.obj (AdcMirrorFile)

XintfRegsFile 
*          1    00000b20    0000001e     UNINITIALIZED
                  00000b20    0000001e     DSP2833x_GlobalVariableDefs.obj (XintfRegsFile)

CpuTimer0RegsFile 
*          1    00000c00    00000008     UNINITIALIZED
                  00000c00    00000008     DSP2833x_GlobalVariableDefs.obj (CpuTimer0RegsFile)

CpuTimer1RegsFile 
*          1    00000c08    00000008     UNINITIALIZED
                  00000c08    00000008     DSP2833x_GlobalVariableDefs.obj (CpuTimer1RegsFile)

CpuTimer2RegsFile 
*          1    00000c10    00000008     UNINITIALIZED
                  00000c10    00000008     DSP2833x_GlobalVariableDefs.obj (CpuTimer2RegsFile)

PieCtrlRegsFile 
*          1    00000ce0    0000001a     UNINITIALIZED
                  00000ce0    0000001a     DSP2833x_GlobalVariableDefs.obj (PieCtrlRegsFile)

PieVectTableFile 
*          1    00000d00    00000100     UNINITIALIZED
                  00000d00    00000100     DSP2833x_GlobalVariableDefs.obj (PieVectTableFile)

DmaRegsFile 
*          1    00001000    000000e0     UNINITIALIZED
                  00001000    000000e0     DSP2833x_GlobalVariableDefs.obj (DmaRegsFile)

McbspaRegsFile 
*          1    00005000    00000025     UNINITIALIZED
                  00005000    00000025     DSP2833x_GlobalVariableDefs.obj (McbspaRegsFile)

McbspbRegsFile 
*          1    00005040    00000025     UNINITIALIZED
                  00005040    00000025     DSP2833x_GlobalVariableDefs.obj (McbspbRegsFile)

ECanaRegsFile 
*          1    00006000    00000034     UNINITIALIZED
                  00006000    00000034     DSP2833x_GlobalVariableDefs.obj (ECanaRegsFile)

ECanaLAMRegsFile 
*          1    00006040    00000040     UNINITIALIZED
                  00006040    00000040     DSP2833x_GlobalVariableDefs.obj (ECanaLAMRegsFile)

ECanaMOTSRegsFile 
*          1    00006080    00000040     UNINITIALIZED
                  00006080    00000040     DSP2833x_GlobalVariableDefs.obj (ECanaMOTSRegsFile)

ECanaMOTORegsFile 
*          1    000060c0    00000040     UNINITIALIZED
                  000060c0    00000040     DSP2833x_GlobalVariableDefs.obj (ECanaMOTORegsFile)

ECanaMboxesFile 
*          1    00006100    00000100     UNINITIALIZED
                  00006100    00000100     DSP2833x_GlobalVariableDefs.obj (ECanaMboxesFile)

ECanbRegsFile 
*          1    00006200    00000034     UNINITIALIZED
                  00006200    00000034     DSP2833x_GlobalVariableDefs.obj (ECanbRegsFile)

ECanbLAMRegsFile 
*          1    00006240    00000040     UNINITIALIZED
                  00006240    00000040     DSP2833x_GlobalVariableDefs.obj (ECanbLAMRegsFile)

ECanbMOTSRegsFile 
*          1    00006280    00000040     UNINITIALIZED
                  00006280    00000040     DSP2833x_GlobalVariableDefs.obj (ECanbMOTSRegsFile)

ECanbMOTORegsFile 
*          1    000062c0    00000040     UNINITIALIZED
                  000062c0    00000040     DSP2833x_GlobalVariableDefs.obj (ECanbMOTORegsFile)

ECanbMboxesFile 
*          1    00006300    00000100     UNINITIALIZED
                  00006300    00000100     DSP2833x_GlobalVariableDefs.obj (ECanbMboxesFile)

EPwm1RegsFile 
*          1    00006800    00000022     UNINITIALIZED
                  00006800    00000022     DSP2833x_GlobalVariableDefs.obj (EPwm1RegsFile)

EPwm2RegsFile 
*          1    00006840    00000022     UNINITIALIZED
                  00006840    00000022     DSP2833x_GlobalVariableDefs.obj (EPwm2RegsFile)

EPwm3RegsFile 
*          1    00006880    00000022     UNINITIALIZED
                  00006880    00000022     DSP2833x_GlobalVariableDefs.obj (EPwm3RegsFile)

EPwm4RegsFile 
*          1    000068c0    00000022     UNINITIALIZED
                  000068c0    00000022     DSP2833x_GlobalVariableDefs.obj (EPwm4RegsFile)

EPwm5RegsFile 
*          1    00006900    00000022     UNINITIALIZED
                  00006900    00000022     DSP2833x_GlobalVariableDefs.obj (EPwm5RegsFile)

EPwm6RegsFile 
*          1    00006940    00000022     UNINITIALIZED
                  00006940    00000022     DSP2833x_GlobalVariableDefs.obj (EPwm6RegsFile)

ECap1RegsFile 
*          1    00006a00    00000020     UNINITIALIZED
                  00006a00    00000020     DSP2833x_GlobalVariableDefs.obj (ECap1RegsFile)

ECap2RegsFile 
*          1    00006a20    00000020     UNINITIALIZED
                  00006a20    00000020     DSP2833x_GlobalVariableDefs.obj (ECap2RegsFile)

ECap3RegsFile 
*          1    00006a40    00000020     UNINITIALIZED
                  00006a40    00000020     DSP2833x_GlobalVariableDefs.obj (ECap3RegsFile)

ECap4RegsFile 
*          1    00006a60    00000020     UNINITIALIZED
                  00006a60    00000020     DSP2833x_GlobalVariableDefs.obj (ECap4RegsFile)

ECap5RegsFile 
*          1    00006a80    00000020     UNINITIALIZED
                  00006a80    00000020     DSP2833x_GlobalVariableDefs.obj (ECap5RegsFile)

ECap6RegsFile 
*          1    00006aa0    00000020     UNINITIALIZED
                  00006aa0    00000020     DSP2833x_GlobalVariableDefs.obj (ECap6RegsFile)

EQep1RegsFile 
*          1    00006b00    00000040     UNINITIALIZED
                  00006b00    00000040     DSP2833x_GlobalVariableDefs.obj (EQep1RegsFile)

EQep2RegsFile 
*          1    00006b40    00000040     UNINITIALIZED
                  00006b40    00000040     DSP2833x_GlobalVariableDefs.obj (EQep2RegsFile)

GpioCtrlRegsFile 
*          1    00006f80    0000002e     UNINITIALIZED
                  00006f80    0000002e     DSP2833x_GlobalVariableDefs.obj (GpioCtrlRegsFile)

GpioDataRegsFile 
*          1    00006fc0    00000020     UNINITIALIZED
                  00006fc0    00000020     DSP2833x_GlobalVariableDefs.obj (GpioDataRegsFile)

GpioIntRegsFile 
*          1    00006fe0    0000000a     UNINITIALIZED
                  00006fe0    0000000a     DSP2833x_GlobalVariableDefs.obj (GpioIntRegsFile)

SysCtrlRegsFile 
*          1    00007010    00000020     UNINITIALIZED
                  00007010    00000020     DSP2833x_GlobalVariableDefs.obj (SysCtrlRegsFile)

SpiaRegsFile 
*          1    00007040    00000010     UNINITIALIZED
                  00007040    00000010     DSP2833x_GlobalVariableDefs.obj (SpiaRegsFile)

SciaRegsFile 
*          1    00007050    00000010     UNINITIALIZED
                  00007050    00000010     DSP2833x_GlobalVariableDefs.obj (SciaRegsFile)

XIntruptRegsFile 
*          1    00007070    00000010     UNINITIALIZED
                  00007070    00000010     DSP2833x_GlobalVariableDefs.obj (XIntruptRegsFile)

AdcRegsFile 
*          1    00007100    0000001e     UNINITIALIZED
                  00007100    0000001e     DSP2833x_GlobalVariableDefs.obj (AdcRegsFile)

ScibRegsFile 
*          1    00007750    00000010     UNINITIALIZED
                  00007750    00000010     DSP2833x_GlobalVariableDefs.obj (ScibRegsFile)

ScicRegsFile 
*          1    00007770    00000010     UNINITIALIZED
                  00007770    00000010     DSP2833x_GlobalVariableDefs.obj (ScicRegsFile)

I2caRegsFile 
*          1    00007900    00000022     UNINITIALIZED
                  00007900    00000022     DSP2833x_GlobalVariableDefs.obj (I2caRegsFile)

.econst    1    0000c000    00000108     
                  0000c000    00000100     DSP2833x_PieVect.obj (.econst)
                  0000c100    00000008     rts2800_fpu32.lib : atan.obj (.econst:_a$1)

.ebss      1    0000c108    00000090     UNINITIALIZED
                  0000c108    0000002c     main.obj (.ebss)
                  0000c134    00000004     rts2800_fpu32.lib : _lock.obj (.ebss)
                  0000c138    00000004                       : exit.obj (.ebss)
                  0000c13c    00000001                       : errno.obj (.ebss)
                  0000c13d    00000001     ysADC.obj (.ebss)
                  0000c13e    00000002     --HOLE--
                  0000c140    0000003c     imcontrol.obj (.ebss)
                  0000c17c    00000004     --HOLE--
                  0000c180    00000018     DSP2833x_CpuTimers.obj (.ebss)

CsmPwlFile 
*          1    0033fff8    00000008     UNINITIALIZED
                  0033fff8    00000008     DSP2833x_GlobalVariableDefs.obj (CsmPwlFile)


GLOBAL DATA SYMBOLS: SORTED BY DATA PAGE

address     data page           name
--------    ----------------    ----
00000400      10 (00000400)     __stack

00000880      22 (00000880)     _DevEmuRegs

00000a80      2a (00000a80)     _FlashRegs

00000ae0      2b (00000ac0)     _CsmRegs

00000b00      2c (00000b00)     _AdcMirror
00000b20      2c (00000b00)     _XintfRegs

00000c00      30 (00000c00)     _CpuTimer0Regs
00000c08      30 (00000c00)     _CpuTimer1Regs
00000c10      30 (00000c00)     _CpuTimer2Regs

00000ce0      33 (00000cc0)     _PieCtrlRegs

00000d00      34 (00000d00)     _PieVectTable

00001000      40 (00001000)     _DmaRegs

00005000     140 (00005000)     _McbspaRegs

00005040     141 (00005040)     _McbspbRegs

00006000     180 (00006000)     _ECanaRegs

00006040     181 (00006040)     _ECanaLAMRegs

00006080     182 (00006080)     _ECanaMOTSRegs

000060c0     183 (000060c0)     _ECanaMOTORegs

00006100     184 (00006100)     _ECanaMboxes

00006200     188 (00006200)     _ECanbRegs

00006240     189 (00006240)     _ECanbLAMRegs

00006280     18a (00006280)     _ECanbMOTSRegs

000062c0     18b (000062c0)     _ECanbMOTORegs

00006300     18c (00006300)     _ECanbMboxes

00006800     1a0 (00006800)     _EPwm1Regs

00006840     1a1 (00006840)     _EPwm2Regs

00006880     1a2 (00006880)     _EPwm3Regs

000068c0     1a3 (000068c0)     _EPwm4Regs

00006900     1a4 (00006900)     _EPwm5Regs

00006940     1a5 (00006940)     _EPwm6Regs

00006a00     1a8 (00006a00)     _ECap1Regs
00006a20     1a8 (00006a00)     _ECap2Regs

00006a40     1a9 (00006a40)     _ECap3Regs
00006a60     1a9 (00006a40)     _ECap4Regs

00006a80     1aa (00006a80)     _ECap5Regs
00006aa0     1aa (00006a80)     _ECap6Regs

00006b00     1ac (00006b00)     _EQep1Regs

00006b40     1ad (00006b40)     _EQep2Regs

00006f80     1be (00006f80)     _GpioCtrlRegs

00006fc0     1bf (00006fc0)     _GpioDataRegs
00006fe0     1bf (00006fc0)     _GpioIntRegs

00007010     1c0 (00007000)     _SysCtrlRegs

00007040     1c1 (00007040)     _SpiaRegs
00007050     1c1 (00007040)     _SciaRegs
00007070     1c1 (00007040)     _XIntruptRegs

00007100     1c4 (00007100)     _AdcRegs

00007750     1dd (00007740)     _ScibRegs
00007770     1dd (00007740)     _ScicRegs

00007900     1e4 (00007900)     _I2caRegs

0000c000     300 (0000c000)     _PieVectTableInit

0000c108     304 (0000c100)     _tpass
0000c10a     304 (0000c100)     _idsum
0000c10c     304 (0000c100)     _lasterr
0000c10e     304 (0000c100)     _last
0000c111     304 (0000c100)     _Tinv
0000c114     304 (0000c100)     _ADCSample
0000c134     304 (0000c100)     __unlock
0000c136     304 (0000c100)     __lock
0000c138     304 (0000c100)     ___TI_cleanup_ptr
0000c13a     304 (0000c100)     ___TI_dtors_ptr
0000c13c     304 (0000c100)     _errno
0000c13d     304 (0000c100)     _conv_flg

0000c140     305 (0000c140)     _period_count
0000c142     305 (0000c140)     _lamdar
0000c144     305 (0000c140)     _theta
0000c146     305 (0000c140)     _wr
0000c148     305 (0000c140)     _n
0000c14a     305 (0000c140)     _ibesum
0000c14c     305 (0000c140)     _Ud
0000c14e     305 (0000c140)     _ualsum
0000c150     305 (0000c140)     _anglek
0000c152     305 (0000c140)     _ialsum
0000c154     305 (0000c140)     _ubesum
0000c156     305 (0000c140)     _ud_Isum
0000c158     305 (0000c140)     _iqset
0000c15a     305 (0000c140)     _iqset_Isum
0000c15c     305 (0000c140)     _uq_Isum
0000c15e     305 (0000c140)     _ualbe
0000c162     305 (0000c140)     _ualbe_cmd
0000c166     305 (0000c140)     _udq_cmd
0000c16a     305 (0000c140)     _ialbe
0000c16e     305 (0000c140)     _idq
0000c172     305 (0000c140)     _lamdaralbe
0000c176     305 (0000c140)     _iabc

0000c180     306 (0000c180)     _CpuTimer1
0000c188     306 (0000c180)     _CpuTimer2
0000c190     306 (0000c180)     _CpuTimer0

0033fff8    cfff (0033ffc0)     _CsmPwl


GLOBAL SYMBOLS: SORTED ALPHABETICALLY BY Name 

address    name
--------   ----
00008000   .text
0000951c   C$$EXIT
0000903c   FS$$DIV
00009487   I$$DIV
00009498   I$$MOD
00008acd   _ADCINT_ISR
0000c114   _ADCSample
00380080   _ADC_cal
00000b00   _AdcMirror
00007100   _AdcRegs
0000c190   _CpuTimer0
00000c00   _CpuTimer0Regs
0000c180   _CpuTimer1
00000c08   _CpuTimer1Regs
0000c188   _CpuTimer2
00000c10   _CpuTimer2Regs
0033fff8   _CsmPwl
00000ae0   _CsmRegs
00008f4f   _CsmUnlock
00009133   _DACout
000089fb   _DATALOG_ISR
00008bef   _DINTCH1_ISR
00008bf9   _DINTCH2_ISR
00008c03   _DINTCH3_ISR
00008c0d   _DINTCH4_ISR
00008c17   _DINTCH5_ISR
00008c21   _DINTCH6_ISR
00009612   _DSP28x_usDelay
00000880   _DevEmuRegs
00008e9c   _DisableDog
00001000   _DmaRegs
00008c7b   _ECAN0INTA_ISR
00008c8f   _ECAN0INTB_ISR
00008c85   _ECAN1INTA_ISR
00008c99   _ECAN1INTB_ISR
00008b63   _ECAP1_INT_ISR
00008b6d   _ECAP2_INT_ISR
00008b77   _ECAP3_INT_ISR
00008b81   _ECAP4_INT_ISR
00008b8b   _ECAP5_INT_ISR
00008b95   _ECAP6_INT_ISR
00006040   _ECanaLAMRegs
000060c0   _ECanaMOTORegs
00006080   _ECanaMOTSRegs
00006100   _ECanaMboxes
00006000   _ECanaRegs
00006240   _ECanbLAMRegs
000062c0   _ECanbMOTORegs
00006280   _ECanbMOTSRegs
00006300   _ECanbMboxes
00006200   _ECanbRegs
00006a00   _ECap1Regs
00006a20   _ECap2Regs
00006a40   _ECap3Regs
00006a60   _ECap4Regs
00006a80   _ECap5Regs
00006aa0   _ECap6Regs
00008ce9   _EMPTY_ISR
00008a0f   _EMUINT_ISR
00008b27   _EPWM1_INT_ISR
00008aeb   _EPWM1_TZINT_ISR
00008b31   _EPWM2_INT_ISR
00008af5   _EPWM2_TZINT_ISR
00008b3b   _EPWM3_INT_ISR
00008aff   _EPWM3_TZINT_ISR
00008b45   _EPWM4_INT_ISR
00008b09   _EPWM4_TZINT_ISR
00008b4f   _EPWM5_INT_ISR
00008b13   _EPWM5_TZINT_ISR
00008b59   _EPWM6_INT_ISR
00008b1d   _EPWM6_TZINT_ISR
00006800   _EPwm1Regs
00006840   _EPwm2Regs
00006880   _EPwm3Regs
000068c0   _EPwm4Regs
00006900   _EPwm5Regs
00006940   _EPwm6Regs
00008b9f   _EQEP1_INT_ISR
00008ba9   _EQEP2_INT_ISR
00006b00   _EQep1Regs
00006b40   _EQep2Regs
0000945a   _EnableInterrupts
00000a80   _FlashRegs
00006f80   _GpioCtrlRegs
00006fc0   _GpioDataRegs
00006fe0   _GpioIntRegs
00008c2b   _I2CINT1A_ISR
00008c35   _I2CINT2A_ISR
00007900   _I2caRegs
00008a23   _ILLEGAL_ISR
000089e7   _INT13_ISR
000089f1   _INT14_ISR
00008d9f   _ISRTimer0
000094c9   _InitEQEP1
00008f80   _InitPORT
00008ef4   _InitPeripheralClocks
0000943b   _InitPieCtrl
000094a9   _InitPieVectTable
00008ea4   _InitPll
00008e89   _InitSysCtrl
00008414   _Integrator
00008cdf   _LUF_ISR
00008cd5   _LVF_ISR
00008bdb   _MRINTA_ISR
00008bc7   _MRINTB_ISR
00008be5   _MXINTA_ISR
00008bd1   _MXINTB_ISR
00005000   _McbspaRegs
00005040   _McbspbRegs
00008a19   _NMI_ISR
00008cf6   _PIE_RESERVED
000083cd   _PImodule
00000ce0   _PieCtrlRegs
00000d00   _PieVectTable
0000c000   _PieVectTableInit
000081f5   _R2toS2
000080f8   _R2toS3
00008a05   _RTOSINT_ISR
000080b2   _S2toR2
00008190   _S2toS3
00008013   _S3toR2
0000807b   _S3toS2
00008c53   _SCIRXINTA_ISR
00008c67   _SCIRXINTB_ISR
00008c3f   _SCIRXINTC_ISR
00008c5d   _SCITXINTA_ISR
00008c71   _SCITXINTB_ISR
00008c49   _SCITXINTC_ISR
00008aa5   _SEQ1INT_ISR
00008aaf   _SEQ2INT_ISR
00008bb3   _SPIRXINTA_ISR
00008bbd   _SPITXINTA_ISR
00007050   _SciaRegs
00007750   _ScibRegs
00007770   _ScicRegs
00008e92   _ServiceDog
00007040   _SpiaRegs
00007010   _SysCtrlRegs
00008ad7   _TINT0_ISR
0000c111   _Tinv
00008a87   _USER10_ISR
00008a91   _USER11_ISR
00008a9b   _USER12_ISR
00008a2d   _USER1_ISR
00008a37   _USER2_ISR
00008a41   _USER3_ISR
00008a4b   _USER4_ISR
00008a55   _USER5_ISR
00008a5f   _USER6_ISR
00008a69   _USER7_ISR
00008a73   _USER8_ISR
00008a7d   _USER9_ISR
0000c14c   _Ud
00008ae1   _WAKEINT_ISR
00008ab9   _XINT1_ISR
00008ac3   _XINT2_ISR
00008ca3   _XINT3_ISR
00008cad   _XINT4_ISR
00008cb7   _XINT5_ISR
00008cc1   _XINT6_ISR
00008ccb   _XINT7_ISR
00007070   _XIntruptRegs
00000b20   _XintfRegs
00000700   __STACK_END
00000300   __STACK_SIZE
00000001   __TI_args_main
0000c138   ___TI_cleanup_ptr
0000c13a   ___TI_dtors_ptr
ffffffff   ___binit__
ffffffff   ___c_args__
0000955c   ___cinit__
0000955c   ___etext__
ffffffff   ___pinit__
00008000   ___text__
00009503   __args_main
0000c136   __lock
00009317   __log
00009553   __nop
0000954f   __register_lock
0000954b   __register_unlock
00000400   __stack
0000c134   __unlock
0000951c   _abort
0000c150   _anglek
000090c4   _atan
00009367   _c_int00
0000c13d   _conv_flg
00009204   _cos
00008d0a   _epwm1_timer_isr
0000c13c   _errno
0000951e   _exit
0000919c   _exp
0000940d   _fmod
00009535   _frexp
0000c176   _iabc
0000c16a   _ialbe
0000c152   _ialsum
0000c14a   _ibesum
0000c16e   _idq
0000c10a   _idsum
0000c158   _iqset
0000c15a   _iqset_Isum
0000c142   _lamdar
00008232   _lamdarCal
0000c172   _lamdaralbe
0000824a   _lamdaralbeCal
000082d6   _lamdardqCal
0000c10e   _last
0000c10c   _lasterr
000093ad   _ldexp
000093de   _main
000094e9   _modf
0000c148   _n
0000c140   _period_count
00008425   _positionSVM
0000839c   _positonCal
00009265   _pow
000089c2   _roundn
00008d00   _rsvd_ISR
000092bf   _sin
00009464   _sqrt
0000c144   _theta
0000c108   _tpass
0000c15e   _ualbe
00008640   _ualbeSVM
0000c162   _ualbe_cmd
0000c14e   _ualsum
0000c154   _ubesum
0000c156   _ud_Isum
000089c1   _udqSVM
0000c166   _udq_cmd
0000c15c   _uq_Isum
0000c146   _wr
000082d7   _wrCal_M
000082d9   _wrCal_MT
000082d8   _wrCal_T
000082da   _wrCal_lamdar
ffffffff   binit
0000955c   cinit
00000000   code_start
0000955c   etext
ffffffff   pinit


GLOBAL SYMBOLS: SORTED BY Symbol Address 

address    name
--------   ----
00000000   code_start
00000001   __TI_args_main
00000300   __STACK_SIZE
00000400   __stack
00000700   __STACK_END
00000880   _DevEmuRegs
00000a80   _FlashRegs
00000ae0   _CsmRegs
00000b00   _AdcMirror
00000b20   _XintfRegs
00000c00   _CpuTimer0Regs
00000c08   _CpuTimer1Regs
00000c10   _CpuTimer2Regs
00000ce0   _PieCtrlRegs
00000d00   _PieVectTable
00001000   _DmaRegs
00005000   _McbspaRegs
00005040   _McbspbRegs
00006000   _ECanaRegs
00006040   _ECanaLAMRegs
00006080   _ECanaMOTSRegs
000060c0   _ECanaMOTORegs
00006100   _ECanaMboxes
00006200   _ECanbRegs
00006240   _ECanbLAMRegs
00006280   _ECanbMOTSRegs
000062c0   _ECanbMOTORegs
00006300   _ECanbMboxes
00006800   _EPwm1Regs
00006840   _EPwm2Regs
00006880   _EPwm3Regs
000068c0   _EPwm4Regs
00006900   _EPwm5Regs
00006940   _EPwm6Regs
00006a00   _ECap1Regs
00006a20   _ECap2Regs
00006a40   _ECap3Regs
00006a60   _ECap4Regs
00006a80   _ECap5Regs
00006aa0   _ECap6Regs
00006b00   _EQep1Regs
00006b40   _EQep2Regs
00006f80   _GpioCtrlRegs
00006fc0   _GpioDataRegs
00006fe0   _GpioIntRegs
00007010   _SysCtrlRegs
00007040   _SpiaRegs
00007050   _SciaRegs
00007070   _XIntruptRegs
00007100   _AdcRegs
00007750   _ScibRegs
00007770   _ScicRegs
00007900   _I2caRegs
00008000   .text
00008000   ___text__
00008013   _S3toR2
0000807b   _S3toS2
000080b2   _S2toR2
000080f8   _R2toS3
00008190   _S2toS3
000081f5   _R2toS2
00008232   _lamdarCal
0000824a   _lamdaralbeCal
000082d6   _lamdardqCal
000082d7   _wrCal_M
000082d8   _wrCal_T
000082d9   _wrCal_MT
000082da   _wrCal_lamdar
0000839c   _positonCal
000083cd   _PImodule
00008414   _Integrator
00008425   _positionSVM
00008640   _ualbeSVM
000089c1   _udqSVM
000089c2   _roundn
000089e7   _INT13_ISR
000089f1   _INT14_ISR
000089fb   _DATALOG_ISR
00008a05   _RTOSINT_ISR
00008a0f   _EMUINT_ISR
00008a19   _NMI_ISR
00008a23   _ILLEGAL_ISR
00008a2d   _USER1_ISR
00008a37   _USER2_ISR
00008a41   _USER3_ISR
00008a4b   _USER4_ISR
00008a55   _USER5_ISR
00008a5f   _USER6_ISR
00008a69   _USER7_ISR
00008a73   _USER8_ISR
00008a7d   _USER9_ISR
00008a87   _USER10_ISR
00008a91   _USER11_ISR
00008a9b   _USER12_ISR
00008aa5   _SEQ1INT_ISR
00008aaf   _SEQ2INT_ISR
00008ab9   _XINT1_ISR
00008ac3   _XINT2_ISR
00008acd   _ADCINT_ISR
00008ad7   _TINT0_ISR
00008ae1   _WAKEINT_ISR
00008aeb   _EPWM1_TZINT_ISR
00008af5   _EPWM2_TZINT_ISR
00008aff   _EPWM3_TZINT_ISR
00008b09   _EPWM4_TZINT_ISR
00008b13   _EPWM5_TZINT_ISR
00008b1d   _EPWM6_TZINT_ISR
00008b27   _EPWM1_INT_ISR
00008b31   _EPWM2_INT_ISR
00008b3b   _EPWM3_INT_ISR
00008b45   _EPWM4_INT_ISR
00008b4f   _EPWM5_INT_ISR
00008b59   _EPWM6_INT_ISR
00008b63   _ECAP1_INT_ISR
00008b6d   _ECAP2_INT_ISR
00008b77   _ECAP3_INT_ISR
00008b81   _ECAP4_INT_ISR
00008b8b   _ECAP5_INT_ISR
00008b95   _ECAP6_INT_ISR
00008b9f   _EQEP1_INT_ISR
00008ba9   _EQEP2_INT_ISR
00008bb3   _SPIRXINTA_ISR
00008bbd   _SPITXINTA_ISR
00008bc7   _MRINTB_ISR
00008bd1   _MXINTB_ISR
00008bdb   _MRINTA_ISR
00008be5   _MXINTA_ISR
00008bef   _DINTCH1_ISR
00008bf9   _DINTCH2_ISR
00008c03   _DINTCH3_ISR
00008c0d   _DINTCH4_ISR
00008c17   _DINTCH5_ISR
00008c21   _DINTCH6_ISR
00008c2b   _I2CINT1A_ISR
00008c35   _I2CINT2A_ISR
00008c3f   _SCIRXINTC_ISR
00008c49   _SCITXINTC_ISR
00008c53   _SCIRXINTA_ISR
00008c5d   _SCITXINTA_ISR
00008c67   _SCIRXINTB_ISR
00008c71   _SCITXINTB_ISR
00008c7b   _ECAN0INTA_ISR
00008c85   _ECAN1INTA_ISR
00008c8f   _ECAN0INTB_ISR
00008c99   _ECAN1INTB_ISR
00008ca3   _XINT3_ISR
00008cad   _XINT4_ISR
00008cb7   _XINT5_ISR
00008cc1   _XINT6_ISR
00008ccb   _XINT7_ISR
00008cd5   _LVF_ISR
00008cdf   _LUF_ISR
00008ce9   _EMPTY_ISR
00008cf6   _PIE_RESERVED
00008d00   _rsvd_ISR
00008d0a   _epwm1_timer_isr
00008d9f   _ISRTimer0
00008e89   _InitSysCtrl
00008e92   _ServiceDog
00008e9c   _DisableDog
00008ea4   _InitPll
00008ef4   _InitPeripheralClocks
00008f4f   _CsmUnlock
00008f80   _InitPORT
0000903c   FS$$DIV
000090c4   _atan
00009133   _DACout
0000919c   _exp
00009204   _cos
00009265   _pow
000092bf   _sin
00009317   __log
00009367   _c_int00
000093ad   _ldexp
000093de   _main
0000940d   _fmod
0000943b   _InitPieCtrl
0000945a   _EnableInterrupts
00009464   _sqrt
00009487   I$$DIV
00009498   I$$MOD
000094a9   _InitPieVectTable
000094c9   _InitEQEP1
000094e9   _modf
00009503   __args_main
0000951c   C$$EXIT
0000951c   _abort
0000951e   _exit
00009535   _frexp
0000954b   __register_unlock
0000954f   __register_lock
00009553   __nop
0000955c   ___cinit__
0000955c   ___etext__
0000955c   cinit
0000955c   etext
00009612   _DSP28x_usDelay
0000c000   _PieVectTableInit
0000c108   _tpass
0000c10a   _idsum
0000c10c   _lasterr
0000c10e   _last
0000c111   _Tinv
0000c114   _ADCSample
0000c134   __unlock
0000c136   __lock
0000c138   ___TI_cleanup_ptr
0000c13a   ___TI_dtors_ptr
0000c13c   _errno
0000c13d   _conv_flg
0000c140   _period_count
0000c142   _lamdar
0000c144   _theta
0000c146   _wr
0000c148   _n
0000c14a   _ibesum
0000c14c   _Ud
0000c14e   _ualsum
0000c150   _anglek
0000c152   _ialsum
0000c154   _ubesum
0000c156   _ud_Isum
0000c158   _iqset
0000c15a   _iqset_Isum
0000c15c   _uq_Isum
0000c15e   _ualbe
0000c162   _ualbe_cmd
0000c166   _udq_cmd
0000c16a   _ialbe
0000c16e   _idq
0000c172   _lamdaralbe
0000c176   _iabc
0000c180   _CpuTimer1
0000c188   _CpuTimer2
0000c190   _CpuTimer0
0033fff8   _CsmPwl
00380080   _ADC_cal
ffffffff   ___binit__
ffffffff   ___c_args__
ffffffff   ___pinit__
ffffffff   binit
ffffffff   pinit

[242 symbols]
